---
source: crates/uv-resolver/src/lock.rs
expression: result
---
Ok(
    Lock {
        version: 1,
        distributions: [
            Distribution {
                id: DistributionId {
                    name: PackageName(
                        "anyio",
                    ),
                    version: "4.3.0",
                    source: Source {
                        kind: Registry,
                        url: Url {
                            scheme: "https",
                            cannot_be_a_base: false,
                            username: "",
                            password: None,
                            host: Some(
                                Domain(
                                    "pypi.org",
                                ),
                            ),
                            port: None,
                            path: "/simple",
                            query: None,
                            fragment: None,
                        },
                    },
                },
                marker: None,
                sourcedist: None,
                wheels: [
                    Wheel {
                        url: Url {
                            scheme: "https",
                            cannot_be_a_base: false,
                            username: "",
                            password: None,
                            host: Some(
                                Domain(
                                    "files.pythonhosted.org",
                                ),
                            ),
                            port: None,
                            path: "/packages/14/fd/2f20c40b45e4fb4324834aea24bd4afdf1143390242c0b33774da0e2e34f/anyio-4.3.0-py3-none-any.whl",
                            query: None,
                            fragment: None,
                        },
                        hash: Some(
                            Hash(
                                HashDigest {
                                    algorithm: Sha256,
                                    digest: "048e05d0f6caeed70d731f3db756d35dcc1f35747c8c403364a8332c630441b8",
                                },
                            ),
                        ),
                        filename: WheelFilename {
                            name: PackageName(
                                "anyio",
                            ),
                            version: "4.3.0",
                            python_tag: [
                                "py3",
                            ],
                            abi_tag: [
                                "none",
                            ],
                            platform_tag: [
                                "any",
                            ],
                        },
                    },
                ],
                dependencies: [],
            },
        ],
        by_id: {
            DistributionId {
                name: PackageName(
                    "anyio",
                ),
                version: "4.3.0",
                source: Source {
                    kind: Registry,
                    url: Url {
                        scheme: "https",
                        cannot_be_a_base: false,
                        username: "",
                        password: None,
                        host: Some(
                            Domain(
                                "pypi.org",
                            ),
                        ),
                        port: None,
                        path: "/simple",
                        query: None,
                        fragment: None,
                    },
                },
            }: 0,
        },
    },
)
